<?xml version="1.0" encoding="utf-8"?><testsuites><testsuite name="pytest" errors="0" failures="0" skipped="0" tests="4" time="47.814" timestamp="2023-11-05T20:42:35.898254" hostname="ESCRITORIO-ANDERSON"><testcase classname="tests.model.test_model.TestModel" name="test_model_fit" time="10.837" /><testcase classname="tests.model.test_model.TestModel" name="test_model_predict" time="12.486" /><testcase classname="tests.model.test_model.TestModel" name="test_model_preprocess_for_serving" time="10.391" /><testcase classname="tests.model.test_model.TestModel" name="test_model_preprocess_for_training" time="12.716" /></testsuite></testsuites>